[2025-03-21T20:18:36.002+0000] {taskinstance.py:1157} INFO - Dependencies all met for dep_context=non-requeueable deps ti=<TaskInstance: external_customer_pipeline.store_external_data_to_hdfs_and_hive manual__2025-03-21T20:14:44.778817+00:00 [queued]>
[2025-03-21T20:18:36.042+0000] {taskinstance.py:1157} INFO - Dependencies all met for dep_context=requeueable deps ti=<TaskInstance: external_customer_pipeline.store_external_data_to_hdfs_and_hive manual__2025-03-21T20:14:44.778817+00:00 [queued]>
[2025-03-21T20:18:36.046+0000] {taskinstance.py:1359} INFO - Starting attempt 2 of 2
[2025-03-21T20:18:36.089+0000] {taskinstance.py:1380} INFO - Executing <Task(PythonOperator): store_external_data_to_hdfs_and_hive> on 2025-03-21 20:14:44.778817+00:00
[2025-03-21T20:18:36.101+0000] {standard_task_runner.py:57} INFO - Started process 1385 to run task
[2025-03-21T20:18:36.109+0000] {standard_task_runner.py:84} INFO - Running: ['***', 'tasks', 'run', 'external_customer_pipeline', 'store_external_data_to_hdfs_and_hive', 'manual__2025-03-21T20:14:44.778817+00:00', '--job-id', '885', '--raw', '--subdir', 'DAGS_FOLDER/pipeline_batch.py', '--cfg-path', '/tmp/tmpcmu9ybtb']
[2025-03-21T20:18:36.116+0000] {standard_task_runner.py:85} INFO - Job 885: Subtask store_external_data_to_hdfs_and_hive
[2025-03-21T20:18:36.192+0000] {task_command.py:415} INFO - Running <TaskInstance: external_customer_pipeline.store_external_data_to_hdfs_and_hive manual__2025-03-21T20:14:44.778817+00:00 [running]> on host 4f421949e8a6
[2025-03-21T20:18:36.364+0000] {taskinstance.py:1660} INFO - Exporting env vars: AIRFLOW_CTX_DAG_OWNER='***' AIRFLOW_CTX_DAG_ID='external_customer_pipeline' AIRFLOW_CTX_TASK_ID='store_external_data_to_hdfs_and_hive' AIRFLOW_CTX_EXECUTION_DATE='2025-03-21T20:14:44.778817+00:00' AIRFLOW_CTX_TRY_NUMBER='2' AIRFLOW_CTX_DAG_RUN_ID='manual__2025-03-21T20:14:44.778817+00:00'
[2025-03-21T20:18:40.861+0000] {pipeline_batch.py:177} ERROR - HDFS put command failed: put: `/tmp/tmp2lo5go_7': No such file or directory

[2025-03-21T20:18:41.306+0000] {pipeline_batch.py:47} INFO - Discord message sent successfully
[2025-03-21T20:18:41.360+0000] {taskinstance.py:1935} ERROR - Task failed with exception
Traceback (most recent call last):
  File "/opt/airflow/dags/pipeline_batch.py", line 168, in store_external_data_to_hdfs_and_hive
    result = subprocess.run(
  File "/usr/local/lib/python3.8/subprocess.py", line 516, in run
    raise CalledProcessError(retcode, process.args,
subprocess.CalledProcessError: Command '['docker', 'exec', 'hive', 'hdfs', 'dfs', '-put', '-f', '/tmp/tmp2lo5go_7', '/data/external_data/external_data_20250321_201444.json']' returned non-zero exit status 1.

During handling of the above exception, another exception occurred:

Traceback (most recent call last):
  File "/home/airflow/.local/lib/python3.8/site-packages/airflow/operators/python.py", line 192, in execute
    return_value = self.execute_callable()
  File "/home/airflow/.local/lib/python3.8/site-packages/airflow/operators/python.py", line 209, in execute_callable
    return self.python_callable(*self.op_args, **self.op_kwargs)
  File "/opt/airflow/dags/pipeline_batch.py", line 178, in store_external_data_to_hdfs_and_hive
    raise RuntimeError(error_message)
RuntimeError: HDFS put command failed: put: `/tmp/tmp2lo5go_7': No such file or directory

[2025-03-21T20:18:41.402+0000] {taskinstance.py:1398} INFO - Marking task as FAILED. dag_id=external_customer_pipeline, task_id=store_external_data_to_hdfs_and_hive, execution_date=20250321T201444, start_date=20250321T201836, end_date=20250321T201841
[2025-03-21T20:18:41.412+0000] {logging_mixin.py:151} WARNING - /home/***/.local/lib/python3.8/site-packages/***/utils/context.py:206 AirflowContextDeprecationWarning: Accessing 'execution_date' from the template is deprecated and will be removed in a future version. Please use 'data_interval_start' or 'logical_date' instead.
[2025-03-21T20:18:41.873+0000] {pipeline_batch.py:47} INFO - Discord message sent successfully
[2025-03-21T20:18:41.904+0000] {standard_task_runner.py:104} ERROR - Failed to execute job 885 for task store_external_data_to_hdfs_and_hive (HDFS put command failed: put: `/tmp/tmp2lo5go_7': No such file or directory
; 1385)
[2025-03-21T20:18:41.958+0000] {local_task_job_runner.py:228} INFO - Task exited with return code 1
[2025-03-21T20:18:41.978+0000] {taskinstance.py:2776} INFO - 0 downstream tasks scheduled from follow-on schedule check
