[2025-03-21T20:27:09.559+0000] {taskinstance.py:1157} INFO - Dependencies all met for dep_context=non-requeueable deps ti=<TaskInstance: external_customer_pipeline.store_external_data_to_hdfs_and_hive manual__2025-03-21T20:24:34.002999+00:00 [queued]>
[2025-03-21T20:27:09.580+0000] {taskinstance.py:1157} INFO - Dependencies all met for dep_context=requeueable deps ti=<TaskInstance: external_customer_pipeline.store_external_data_to_hdfs_and_hive manual__2025-03-21T20:24:34.002999+00:00 [queued]>
[2025-03-21T20:27:09.582+0000] {taskinstance.py:1359} INFO - Starting attempt 2 of 3
[2025-03-21T20:27:09.607+0000] {taskinstance.py:1380} INFO - Executing <Task(PythonOperator): store_external_data_to_hdfs_and_hive> on 2025-03-21 20:24:34.002999+00:00
[2025-03-21T20:27:09.616+0000] {standard_task_runner.py:57} INFO - Started process 2145 to run task
[2025-03-21T20:27:09.623+0000] {standard_task_runner.py:84} INFO - Running: ['***', 'tasks', 'run', 'external_customer_pipeline', 'store_external_data_to_hdfs_and_hive', 'manual__2025-03-21T20:24:34.002999+00:00', '--job-id', '905', '--raw', '--subdir', 'DAGS_FOLDER/pipeline_batch.py', '--cfg-path', '/tmp/tmphe58paon']
[2025-03-21T20:27:09.628+0000] {standard_task_runner.py:85} INFO - Job 905: Subtask store_external_data_to_hdfs_and_hive
[2025-03-21T20:27:09.725+0000] {task_command.py:415} INFO - Running <TaskInstance: external_customer_pipeline.store_external_data_to_hdfs_and_hive manual__2025-03-21T20:24:34.002999+00:00 [running]> on host 4f421949e8a6
[2025-03-21T20:27:09.848+0000] {taskinstance.py:1660} INFO - Exporting env vars: AIRFLOW_CTX_DAG_OWNER='***' AIRFLOW_CTX_DAG_ID='external_customer_pipeline' AIRFLOW_CTX_TASK_ID='store_external_data_to_hdfs_and_hive' AIRFLOW_CTX_EXECUTION_DATE='2025-03-21T20:24:34.002999+00:00' AIRFLOW_CTX_TRY_NUMBER='2' AIRFLOW_CTX_DAG_RUN_ID='manual__2025-03-21T20:24:34.002999+00:00'
[2025-03-21T20:27:12.912+0000] {pipeline_batch.py:167} ERROR - HDFS put command failed: put: `/data/external_data/external_data_20250321_202434.json': File exists

[2025-03-21T20:27:12.913+0000] {pipeline_batch.py:172} ERROR - Error writing to HDFS: HDFS put command failed: put: `/data/external_data/external_data_20250321_202434.json': File exists

[2025-03-21T20:27:13.343+0000] {pipeline_batch.py:44} INFO - Discord message sent successfully
[2025-03-21T20:27:13.357+0000] {taskinstance.py:1935} ERROR - Task failed with exception
Traceback (most recent call last):
  File "/opt/airflow/dags/pipeline_batch.py", line 168, in store_external_data_to_hdfs_and_hive
    raise RuntimeError(error_message)
RuntimeError: HDFS put command failed: put: `/data/external_data/external_data_20250321_202434.json': File exists


During handling of the above exception, another exception occurred:

Traceback (most recent call last):
  File "/home/airflow/.local/lib/python3.8/site-packages/airflow/operators/python.py", line 192, in execute
    return_value = self.execute_callable()
  File "/home/airflow/.local/lib/python3.8/site-packages/airflow/operators/python.py", line 209, in execute_callable
    return self.python_callable(*self.op_args, **self.op_kwargs)
  File "/opt/airflow/dags/pipeline_batch.py", line 173, in store_external_data_to_hdfs_and_hive
    raise RuntimeError(error_message)
RuntimeError: Error writing to HDFS: HDFS put command failed: put: `/data/external_data/external_data_20250321_202434.json': File exists

[2025-03-21T20:27:13.423+0000] {taskinstance.py:1398} INFO - Marking task as UP_FOR_RETRY. dag_id=external_customer_pipeline, task_id=store_external_data_to_hdfs_and_hive, execution_date=20250321T202434, start_date=20250321T202709, end_date=20250321T202713
[2025-03-21T20:27:13.480+0000] {standard_task_runner.py:104} ERROR - Failed to execute job 905 for task store_external_data_to_hdfs_and_hive (Error writing to HDFS: HDFS put command failed: put: `/data/external_data/external_data_20250321_202434.json': File exists
; 2145)
[2025-03-21T20:27:13.552+0000] {local_task_job_runner.py:228} INFO - Task exited with return code 1
[2025-03-21T20:27:13.607+0000] {taskinstance.py:2776} INFO - 0 downstream tasks scheduled from follow-on schedule check
